127.0.0.1 - - [14/Nov/2019:09:19:48 +0530] "GET / HTTP/1.1" 404 1074
0:0:0:0:0:0:0:1 - - [14/Nov/2019:09:20:27 +0530] "GET /webapp/redirect HTTP/1.1" 302 -
0:0:0:0:0:0:0:1 - - [14/Nov/2019:09:21:26 +0530] "GET /webapp/redirect HTTP/1.1" 302 -
127.0.0.1 - - [14/Nov/2019:09:34:01 +0530] "GET / HTTP/1.1" 404 1074
0:0:0:0:0:0:0:1 - - [14/Nov/2019:09:34:42 +0530] "GET /webapp/search.html HTTP/1.1" 200 429
0:0:0:0:0:0:0:1 - - [14/Nov/2019:09:34:45 +0530] "GET /favicon.ico HTTP/1.1" 404 1085
0:0:0:0:0:0:0:1 - - [14/Nov/2019:09:37:19 +0530] "GET /webapp/redirect?search=java HTTP/1.1" 302 -
0:0:0:0:0:0:0:1 - - [14/Nov/2019:09:41:35 +0530] "GET /webapp/redirect?search=java HTTP/1.1" 302 -
127.0.0.1 - - [14/Nov/2019:10:03:52 +0530] "GET / HTTP/1.1" 404 1074
0:0:0:0:0:0:0:1 - - [14/Nov/2019:10:04:05 +0530] "GET /webapp/search.html HTTP/1.1" 200 792
0:0:0:0:0:0:0:1 - - [14/Nov/2019:10:04:13 +0530] "GET /webapp/redirect?search=java&select=Bing HTTP/1.1" 200 -
0:0:0:0:0:0:0:1 - - [14/Nov/2019:10:04:36 +0530] "GET /webapp/redirect?search=java&select=Bing HTTP/1.1" 200 -
0:0:0:0:0:0:0:1 - - [14/Nov/2019:10:04:37 +0530] "GET /webapp/redirect?search=java&select=Bing HTTP/1.1" 200 -
0:0:0:0:0:0:0:1 - - [14/Nov/2019:10:05:07 +0530] "GET /webapp/search.html HTTP/1.1" 304 -
0:0:0:0:0:0:0:1 - - [14/Nov/2019:10:05:17 +0530] "GET /webapp/redirect?search=java&select=Yahoo HTTP/1.1" 302 -
127.0.0.1 - - [14/Nov/2019:10:08:07 +0530] "GET / HTTP/1.1" 404 1074
127.0.0.1 - - [14/Nov/2019:10:25:37 +0530] "GET / HTTP/1.1" 404 1074
0:0:0:0:0:0:0:1 - - [14/Nov/2019:10:26:02 +0530] "GET /webapp/forward HTTP/1.1" 200 191
127.0.0.1 - - [14/Nov/2019:11:02:52 +0530] "GET / HTTP/1.1" 404 1074
0:0:0:0:0:0:0:1 - - [14/Nov/2019:11:03:27 +0530] "GET /webapp/form-forward HTTP/1.1" 405 1116
127.0.0.1 - - [14/Nov/2019:11:04:19 +0530] "GET / HTTP/1.1" 404 1074
0:0:0:0:0:0:0:1 - - [14/Nov/2019:11:04:40 +0530] "GET /webapp/form HTTP/1.1" 405 1116
0:0:0:0:0:0:0:1 - - [14/Nov/2019:11:05:19 +0530] "GET /webapp/form HTTP/1.1" 405 1116
0:0:0:0:0:0:0:1 - - [14/Nov/2019:11:06:32 +0530] "GET /webapp/form.html HTTP/1.1" 200 353
0:0:0:0:0:0:0:1 - - [14/Nov/2019:11:06:50 +0530] "POST /webapp/form-forward HTTP/1.1" 200 166
0:0:0:0:0:0:0:1 - - [14/Nov/2019:11:22:09 +0530] "GET /webapp/first HTTP/1.1" 200 191
0:0:0:0:0:0:0:1 - - [14/Nov/2019:11:22:35 +0530] "GET /webapp/include HTTP/1.1" 200 263
0:0:0:0:0:0:0:1 - - [14/Nov/2019:11:46:41 +0530] "GET /webapp/create-cookie HTTP/1.1" 404 1098
0:0:0:0:0:0:0:1 - - [14/Nov/2019:11:47:26 +0530] "GET /webapp/create-cookie HTTP/1.1" 404 1098
127.0.0.1 - - [14/Nov/2019:11:49:55 +0530] "GET / HTTP/1.1" 404 1074
0:0:0:0:0:0:0:1 - - [14/Nov/2019:11:50:18 +0530] "GET /webapp/create-cookie HTTP/1.1" 500 3777
127.0.0.1 - - [14/Nov/2019:11:51:52 +0530] "GET / HTTP/1.1" 404 1074
0:0:0:0:0:0:0:1 - - [14/Nov/2019:11:52:13 +0530] "GET /webapp/create-cookie HTTP/1.1" 200 27
127.0.0.1 - - [14/Nov/2019:12:10:27 +0530] "GET / HTTP/1.1" 404 1074
0:0:0:0:0:0:0:1 - - [14/Nov/2019:12:10:54 +0530] "GET /webapp/read-cookie HTTP/1.1" 200 48
0:0:0:0:0:0:0:1 - - [14/Nov/2019:12:11:29 +0530] "GET /webapp/read-cookie HTTP/1.1" 200 28
0:0:0:0:0:0:0:1 - - [14/Nov/2019:12:13:02 +0530] "GET /webapp/create-cookie HTTP/1.1" 200 27
0:0:0:0:0:0:0:1 - - [14/Nov/2019:12:13:20 +0530] "GET /webapp/read-cookie HTTP/1.1" 200 48
0:0:0:0:0:0:0:1 - - [14/Nov/2019:13:58:05 +0530] "GET /webapp/search.html HTTP/1.1" 304 -
0:0:0:0:0:0:0:1 - - [14/Nov/2019:13:58:16 +0530] "GET /webapp/redirect?search=java&select=Google HTTP/1.1" 302 -
127.0.0.1 - - [14/Nov/2019:14:26:21 +0530] "GET / HTTP/1.1" 404 1074
127.0.0.1 - - [14/Nov/2019:14:27:16 +0530] "GET / HTTP/1.1" 404 1074
127.0.0.1 - - [14/Nov/2019:15:03:26 +0530] "GET / HTTP/1.1" 404 1074
0:0:0:0:0:0:0:1 - - [14/Nov/2019:15:03:49 +0530] "GET /webapp/employee.html HTTP/1.1" 404 1098
0:0:0:0:0:0:0:1 - - [14/Nov/2019:15:04:40 +0530] "GET /webapp/employee HTTP/1.1" 200 12
0:0:0:0:0:0:0:1 - - [14/Nov/2019:15:07:42 +0530] "GET /webapp/employee.html HTTP/1.1" 404 1098
0:0:0:0:0:0:0:1 - - [14/Nov/2019:15:08:32 +0530] "GET /webapp/Employee.html HTTP/1.1" 200 395
0:0:0:0:0:0:0:1 - - [14/Nov/2019:15:08:37 +0530] "GET /webapp/employee?search=1 HTTP/1.1" 200 12
127.0.0.1 - - [14/Nov/2019:15:41:15 +0530] "GET / HTTP/1.1" 404 1074
0:0:0:0:0:0:0:1 - - [14/Nov/2019:15:41:48 +0530] "GET /webapp/get-context HTTP/1.1" 200 19
0:0:0:0:0:0:0:1 - - [14/Nov/2019:15:41:58 +0530] "GET /webapp/set-context HTTP/1.1" 200 48
0:0:0:0:0:0:0:1 - - [14/Nov/2019:15:42:12 +0530] "GET /webapp/get-context HTTP/1.1" 200 18
127.0.0.1 - - [14/Nov/2019:15:47:42 +0530] "GET / HTTP/1.1" 404 1074
0:0:0:0:0:0:0:1 - - [14/Nov/2019:15:48:11 +0530] "GET /webapp/set-context HTTP/1.1" 200 48
0:0:0:0:0:0:0:1 - - [14/Nov/2019:15:48:18 +0530] "GET /webapp/get-context HTTP/1.1" 200 39
127.0.0.1 - - [14/Nov/2019:16:52:08 +0530] "GET / HTTP/1.1" 404 1074
0:0:0:0:0:0:0:1 - - [14/Nov/2019:16:52:30 +0530] "GET /webapp/create-cookie HTTP/1.1" 200 27
127.0.0.1 - - [14/Nov/2019:17:00:40 +0530] "GET / HTTP/1.1" 404 1074
0:0:0:0:0:0:0:1 - - [14/Nov/2019:17:00:53 +0530] "GET /webapp/create-cookie HTTP/1.1" 200 27
0:0:0:0:0:0:0:1 - - [14/Nov/2019:17:01:05 +0530] "GET /webapp/deletecookie HTTP/1.1" 404 1097
127.0.0.1 - - [14/Nov/2019:17:01:42 +0530] "GET / HTTP/1.1" 404 1074
0:0:0:0:0:0:0:1 - - [14/Nov/2019:17:01:47 +0530] "GET /webapp/deletecookie HTTP/1.1" 404 1097
0:0:0:0:0:0:0:1 - - [14/Nov/2019:17:01:48 +0530] "GET /webapp/deletecookie HTTP/1.1" 404 1097
0:0:0:0:0:0:0:1 - - [14/Nov/2019:17:01:52 +0530] "GET /webapp/deletecookie HTTP/1.1" 404 1097
0:0:0:0:0:0:0:1 - - [14/Nov/2019:17:02:54 +0530] "GET /webapp/delete-cookie HTTP/1.1" 404 1098
0:0:0:0:0:0:0:1 - - [14/Nov/2019:17:03:27 +0530] "GET /webapp/delete-cookie HTTP/1.1" 404 1098
0:0:0:0:0:0:0:1 - - [14/Nov/2019:17:03:29 +0530] "GET /webapp/delete-cookie HTTP/1.1" 404 1098
127.0.0.1 - - [14/Nov/2019:17:04:02 +0530] "GET / HTTP/1.1" 404 1074
0:0:0:0:0:0:0:1 - - [14/Nov/2019:17:04:09 +0530] "GET /webapp/delete-cookie HTTP/1.1" 200 51
0:0:0:0:0:0:0:1 - - [14/Nov/2019:17:10:33 +0530] "GET /webapp/forward HTTP/1.1" 500 2301
127.0.0.1 - - [14/Nov/2019:17:12:50 +0530] "GET / HTTP/1.1" 404 1074
0:0:0:0:0:0:0:1 - - [14/Nov/2019:17:13:07 +0530] "GET /webapp/forward HTTP/1.1" 200 229
127.0.0.1 - - [14/Nov/2019:23:36:30 +0530] "GET / HTTP/1.1" 404 1074
0:0:0:0:0:0:0:1 - - [14/Nov/2019:23:36:54 +0530] "GET /webapp/Employee.html HTTP/1.1" 200 409
0:0:0:0:0:0:0:1 - - [14/Nov/2019:23:37:02 +0530] "POST /webapp/employee HTTP/1.1" 404 1093
127.0.0.1 - - [14/Nov/2019:23:39:26 +0530] "GET / HTTP/1.1" 404 1074
0:0:0:0:0:0:0:1 - - [14/Nov/2019:23:39:42 +0530] "POST /webapp/employee HTTP/1.1" 200 -
127.0.0.1 - - [14/Nov/2019:23:51:50 +0530] "GET / HTTP/1.1" 404 1074
0:0:0:0:0:0:0:1 - - [14/Nov/2019:23:52:15 +0530] "POST /webapp/employee HTTP/1.1" 200 105
127.0.0.1 - - [14/Nov/2019:23:59:47 +0530] "GET / HTTP/1.1" 404 1074
